127.0.0.1 - - [22/Nov/2022:10:08:31 +0530] "GET / HTTP/1.1" 404 751
0:0:0:0:0:0:0:1 - - [22/Nov/2022:10:08:41 +0530] "GET /DemoApp/add HTTP/1.1" 500 1240
0:0:0:0:0:0:0:1 - - [22/Nov/2022:10:08:41 +0530] "GET /favicon.ico HTTP/1.1" 404 762
0:0:0:0:0:0:0:1 - - [22/Nov/2022:10:08:43 +0530] "GET /DemoApp/add HTTP/1.1" 500 1240
127.0.0.1 - - [22/Nov/2022:10:08:54 +0530] "GET / HTTP/1.1" 404 751
0:0:0:0:0:0:0:1 - - [22/Nov/2022:10:08:56 +0530] "GET /DemoApp/add HTTP/1.1" 500 1240
0:0:0:0:0:0:0:1 - - [22/Nov/2022:10:08:57 +0530] "GET /DemoApp/add HTTP/1.1" 500 1240
0:0:0:0:0:0:0:1 - - [22/Nov/2022:10:09:26 +0530] "GET /DemoApp/sq HTTP/1.1" 500 1429
0:0:0:0:0:0:0:1 - - [22/Nov/2022:10:10:17 +0530] "GET /DemoApp/sq HTTP/1.1" 500 1429
127.0.0.1 - - [22/Nov/2022:10:10:25 +0530] "GET / HTTP/1.1" 404 751
0:0:0:0:0:0:0:1 - - [22/Nov/2022:10:10:26 +0530] "GET /DemoApp/sq HTTP/1.1" 500 1429
0:0:0:0:0:0:0:1 - - [22/Nov/2022:10:10:26 +0530] "GET /DemoApp/sq HTTP/1.1" 500 1429
0:0:0:0:0:0:0:1 - - [22/Nov/2022:10:10:27 +0530] "GET /DemoApp/sq HTTP/1.1" 500 1429
0:0:0:0:0:0:0:1 - - [22/Nov/2022:10:11:26 +0530] "GET /DemoApp/sq HTTP/1.1" 500 1429
0:0:0:0:0:0:0:1 - - [22/Nov/2022:10:11:28 +0530] "GET /DemoApp/sq HTTP/1.1" 500 1429
0:0:0:0:0:0:0:1 - - [22/Nov/2022:10:11:28 +0530] "GET /DemoApp/sq HTTP/1.1" 500 1429
0:0:0:0:0:0:0:1 - - [22/Nov/2022:10:11:28 +0530] "GET /DemoApp/sq HTTP/1.1" 500 1429
0:0:0:0:0:0:0:1 - - [22/Nov/2022:10:11:29 +0530] "GET /DemoApp/sq HTTP/1.1" 500 1429
0:0:0:0:0:0:0:1 - - [22/Nov/2022:10:11:29 +0530] "GET /DemoApp/sq HTTP/1.1" 500 1429
0:0:0:0:0:0:0:1 - - [22/Nov/2022:10:11:29 +0530] "GET /DemoApp/sq HTTP/1.1" 500 1429
0:0:0:0:0:0:0:1 - - [22/Nov/2022:10:11:44 +0530] "GET /DemoApp/add HTTP/1.1" 500 1240
0:0:0:0:0:0:0:1 - - [22/Nov/2022:10:11:46 +0530] "GET /DemoApp/add HTTP/1.1" 500 1240
127.0.0.1 - - [22/Nov/2022:10:12:05 +0530] "GET / HTTP/1.1" 404 751
0:0:0:0:0:0:0:1 - - [22/Nov/2022:10:12:05 +0530] "GET /DemoApp/index.html HTTP/1.1" 304 -
0:0:0:0:0:0:0:1 - - [22/Nov/2022:10:12:13 +0530] "GET /DemoApp/add?num1=34&num2=10 HTTP/1.1" 200 14
0:0:0:0:0:0:0:1 - - [22/Nov/2022:10:14:35 +0530] "GET /DemoApp/add?num1=34&num2=10 HTTP/1.1" 302 -
0:0:0:0:0:0:0:1 - - [22/Nov/2022:10:14:35 +0530] "GET /DemoApp/sq HTTP/1.1" 200 -
0:0:0:0:0:0:0:1 - - [22/Nov/2022:10:14:41 +0530] "GET /DemoApp/index.html HTTP/1.1" 304 -
0:0:0:0:0:0:0:1 - - [22/Nov/2022:10:14:45 +0530] "GET /DemoApp/index.html HTTP/1.1" 304 -
0:0:0:0:0:0:0:1 - - [22/Nov/2022:10:16:48 +0530] "GET /DemoApp/sq HTTP/1.1" 500 1429
0:0:0:0:0:0:0:1 - - [22/Nov/2022:10:17:23 +0530] "GET /DemoApp/sq?k=9 HTTP/1.1" 500 1429
127.0.0.1 - - [22/Nov/2022:10:17:37 +0530] "GET / HTTP/1.1" 404 751
0:0:0:0:0:0:0:1 - - [22/Nov/2022:10:17:38 +0530] "GET /DemoApp/sq?k=9 HTTP/1.1" 500 1429
0:0:0:0:0:0:0:1 - - [22/Nov/2022:10:17:41 +0530] "GET /DemoApp/sq HTTP/1.1" 500 1429
0:0:0:0:0:0:0:1 - - [22/Nov/2022:10:19:16 +0530] "GET /DemoApp/sq HTTP/1.1" 500 1238
127.0.0.1 - - [22/Nov/2022:10:19:22 +0530] "GET / HTTP/1.1" 404 751
0:0:0:0:0:0:0:1 - - [22/Nov/2022:10:19:24 +0530] "GET /DemoApp/sq HTTP/1.1" 500 1238
0:0:0:0:0:0:0:1 - - [22/Nov/2022:10:19:26 +0530] "GET /DemoApp/sq HTTP/1.1" 500 1238
0:0:0:0:0:0:0:1 - - [22/Nov/2022:10:19:33 +0530] "GET /DemoApp/sq?k=9 HTTP/1.1" 500 1238
0:0:0:0:0:0:0:1 - - [22/Nov/2022:10:19:37 +0530] "GET /DemoApp/sq?k=9 HTTP/1.1" 500 1238
127.0.0.1 - - [22/Nov/2022:10:20:40 +0530] "GET / HTTP/1.1" 404 751
0:0:0:0:0:0:0:1 - - [22/Nov/2022:10:20:44 +0530] "GET /DemoApp/sq?k=9 HTTP/1.1" 200 -
0:0:0:0:0:0:0:1 - - [22/Nov/2022:10:20:47 +0530] "GET /DemoApp/sq?k=9 HTTP/1.1" 200 -
0:0:0:0:0:0:0:1 - - [22/Nov/2022:10:20:51 +0530] "GET /DemoApp/sq HTTP/1.1" 500 1238
0:0:0:0:0:0:0:1 - - [22/Nov/2022:10:20:58 +0530] "GET /DemoApp/sq?k=10 HTTP/1.1" 200 -
127.0.0.1 - - [22/Nov/2022:10:21:31 +0530] "GET / HTTP/1.1" 404 751
0:0:0:0:0:0:0:1 - - [22/Nov/2022:10:21:32 +0530] "GET /DemoApp/sq?k=10 HTTP/1.1" 200 13
0:0:0:0:0:0:0:1 - - [22/Nov/2022:10:21:38 +0530] "GET /DemoApp/sq HTTP/1.1" 500 1238
0:0:0:0:0:0:0:1 - - [22/Nov/2022:10:21:45 +0530] "GET /DemoApp/sq?k=9 HTTP/1.1" 200 12
127.0.0.1 - - [22/Nov/2022:11:47:02 +0530] "GET / HTTP/1.1" 404 751
0:0:0:0:0:0:0:1 - - [22/Nov/2022:11:47:10 +0530] "GET /DemoApp/add?num1=10&num2=15 HTTP/1.1" 302 -
0:0:0:0:0:0:0:1 - - [22/Nov/2022:11:47:10 +0530] "GET /DemoApp/sq?k=25 HTTP/1.1" 200 13
0:0:0:0:0:0:0:1 - - [22/Nov/2022:11:57:20 +0530] "GET /DemoApp/add?num1=2&num2=3 HTTP/1.1" 200 -
0:0:0:0:0:0:0:1 - - [22/Nov/2022:11:57:25 +0530] "GET /DemoApp/add?num1=2&num2=3 HTTP/1.1" 200 -
0:0:0:0:0:0:0:1 - - [22/Nov/2022:11:57:47 +0530] "GET /DemoApp/add?num1=2&num2=3 HTTP/1.1" 200 -
0:0:0:0:0:0:0:1 - - [22/Nov/2022:11:57:50 +0530] "GET /DemoApp/add?num1=2&num2=3 HTTP/1.1" 200 -
0:0:0:0:0:0:0:1 - - [22/Nov/2022:11:57:56 +0530] "GET /DemoApp/add?num1=2&num2=3 HTTP/1.1" 200 -
0:0:0:0:0:0:0:1 - - [22/Nov/2022:11:59:38 +0530] "GET /DemoApp/add?num1=2&num2=3 HTTP/1.1" 200 -
0:0:0:0:0:0:0:1 - - [22/Nov/2022:11:59:42 +0530] "GET /DemoApp/add?num1=2&num2=3 HTTP/1.1" 200 -
127.0.0.1 - - [22/Nov/2022:11:59:50 +0530] "GET / HTTP/1.1" 404 751
0:0:0:0:0:0:0:1 - - [22/Nov/2022:11:59:51 +0530] "GET /DemoApp/index.html HTTP/1.1" 304 -
0:0:0:0:0:0:0:1 - - [22/Nov/2022:11:59:55 +0530] "GET /DemoApp/add?num1=2&num2=3 HTTP/1.1" 302 -
0:0:0:0:0:0:0:1 - - [22/Nov/2022:11:59:55 +0530] "GET /DemoApp/sq HTTP/1.1" 200 12
127.0.0.1 - - [22/Nov/2022:12:01:13 +0530] "GET / HTTP/1.1" 404 751
0:0:0:0:0:0:0:1 - - [22/Nov/2022:12:01:14 +0530] "GET /DemoApp/index.html HTTP/1.1" 304 -
0:0:0:0:0:0:0:1 - - [22/Nov/2022:12:01:18 +0530] "GET /DemoApp/add?num1=2&num2=3 HTTP/1.1" 302 -
0:0:0:0:0:0:0:1 - - [22/Nov/2022:12:01:18 +0530] "GET /DemoApp/sq HTTP/1.1" 500 1415
127.0.0.1 - - [22/Nov/2022:12:14:17 +0530] "GET / HTTP/1.1" 404 751
0:0:0:0:0:0:0:1 - - [22/Nov/2022:12:14:18 +0530] "GET /DemoApp/sq HTTP/1.1" 200 11
0:0:0:0:0:0:0:1 - - [22/Nov/2022:12:14:20 +0530] "GET /DemoApp/index.html HTTP/1.1" 304 -
0:0:0:0:0:0:0:1 - - [22/Nov/2022:12:14:25 +0530] "GET /DemoApp/add?num1=2&num2=3 HTTP/1.1" 200 -
127.0.0.1 - - [22/Nov/2022:12:14:53 +0530] "GET / HTTP/1.1" 404 751
0:0:0:0:0:0:0:1 - - [22/Nov/2022:12:14:54 +0530] "GET /DemoApp/index.html HTTP/1.1" 304 -
0:0:0:0:0:0:0:1 - - [22/Nov/2022:12:14:58 +0530] "GET /DemoApp/add?num1=2&num2=10 HTTP/1.1" 302 -
0:0:0:0:0:0:0:1 - - [22/Nov/2022:12:14:58 +0530] "GET /DemoApp/sq HTTP/1.1" 200 13
0:0:0:0:0:0:0:1 - - [22/Nov/2022:12:34:58 +0530] "GET /DemoApp/add?num1=2&num2=10 HTTP/1.1" 302 -
0:0:0:0:0:0:0:1 - - [22/Nov/2022:12:34:58 +0530] "GET /DemoApp/sq HTTP/1.1" 200 13
127.0.0.1 - - [22/Nov/2022:12:45:18 +0530] "GET / HTTP/1.1" 404 751
0:0:0:0:0:0:0:1 - - [22/Nov/2022:12:45:19 +0530] "GET /DemoApp/home HTTP/1.1" 200 12
127.0.0.1 - - [22/Nov/2022:12:45:34 +0530] "GET / HTTP/1.1" 404 751
0:0:0:0:0:0:0:1 - - [22/Nov/2022:12:45:35 +0530] "GET /DemoApp/home HTTP/1.1" 200 13
0:0:0:0:0:0:0:1 - - [22/Nov/2022:12:45:47 +0530] "GET /DemoApp/home HTTP/1.1" 200 13
0:0:0:0:0:0:0:1 - - [22/Nov/2022:12:45:50 +0530] "GET /DemoApp/home HTTP/1.1" 200 13
0:0:0:0:0:0:0:1 - - [22/Nov/2022:12:45:59 +0530] "GET /DemoApp/home HTTP/1.1" 200 9
127.0.0.1 - - [22/Nov/2022:12:46:00 +0530] "GET / HTTP/1.1" 404 751
127.0.0.1 - - [22/Nov/2022:12:47:51 +0530] "GET / HTTP/1.1" 404 751
0:0:0:0:0:0:0:1 - - [22/Nov/2022:12:47:53 +0530] "GET /DemoApp/home HTTP/1.1" 200 9
0:0:0:0:0:0:0:1 - - [22/Nov/2022:12:47:55 +0530] "GET /DemoApp/home HTTP/1.1" 200 9
0:0:0:0:0:0:0:1 - - [22/Nov/2022:12:47:59 +0530] "GET /DemoApp/home HTTP/1.1" 200 9
127.0.0.1 - - [22/Nov/2022:12:48:11 +0530] "GET / HTTP/1.1" 404 751
0:0:0:0:0:0:0:1 - - [22/Nov/2022:12:48:12 +0530] "GET /DemoApp/home HTTP/1.1" 200 33
127.0.0.1 - - [22/Nov/2022:13:58:31 +0530] "GET / HTTP/1.1" 404 751
0:0:0:0:0:0:0:1 - - [22/Nov/2022:13:58:32 +0530] "GET /DemoApp/home HTTP/1.1" 200 31
127.0.0.1 - - [22/Nov/2022:13:59:36 +0530] "GET / HTTP/1.1" 404 751
0:0:0:0:0:0:0:1 - - [22/Nov/2022:13:59:37 +0530] "GET /DemoApp/home HTTP/1.1" 200 27
127.0.0.1 - - [22/Nov/2022:14:06:34 +0530] "GET / HTTP/1.1" 404 751
0:0:0:0:0:0:0:1 - - [22/Nov/2022:14:06:39 +0530] "GET /DemoApp/add?num1=1&num2=2 HTTP/1.1" 404 766
127.0.0.1 - - [22/Nov/2022:14:07:17 +0530] "GET / HTTP/1.1" 404 751
0:0:0:0:0:0:0:1 - - [22/Nov/2022:14:07:19 +0530] "GET /DemoApp/index.html HTTP/1.1" 304 -
0:0:0:0:0:0:0:1 - - [22/Nov/2022:14:07:22 +0530] "GET /DemoApp/add?num1=15&num2=3 HTTP/1.1" 302 -
0:0:0:0:0:0:0:1 - - [22/Nov/2022:14:07:22 +0530] "GET /DemoApp/sq HTTP/1.1" 200 13
127.0.0.1 - - [22/Nov/2022:14:12:23 +0530] "GET / HTTP/1.1" 404 751
0:0:0:0:0:0:0:1 - - [22/Nov/2022:14:12:24 +0530] "GET /DemoApp/sq HTTP/1.1" 200 13
0:0:0:0:0:0:0:1 - - [22/Nov/2022:14:12:27 +0530] "GET /DemoApp/index.html HTTP/1.1" 304 -
0:0:0:0:0:0:0:1 - - [22/Nov/2022:14:12:31 +0530] "GET /DemoApp/add?num1=2&num2=10 HTTP/1.1" 302 -
0:0:0:0:0:0:0:1 - - [22/Nov/2022:14:12:31 +0530] "GET /DemoApp/sq HTTP/1.1" 200 13
127.0.0.1 - - [22/Nov/2022:14:13:35 +0530] "GET / HTTP/1.1" 404 751
0:0:0:0:0:0:0:1 - - [22/Nov/2022:14:13:38 +0530] "GET /DemoApp/index.html HTTP/1.1" 304 -
0:0:0:0:0:0:0:1 - - [22/Nov/2022:14:13:41 +0530] "GET /DemoApp/add?num1=15&num2=3 HTTP/1.1" 200 54
0:0:0:0:0:0:0:1 - - [22/Nov/2022:14:13:58 +0530] "GET /DemoApp/add?num1=15&num2=3 HTTP/1.1" 200 41
127.0.0.1 - - [22/Nov/2022:14:13:59 +0530] "GET / HTTP/1.1" 404 751
0:0:0:0:0:0:0:1 - - [22/Nov/2022:14:14:01 +0530] "GET /DemoApp/add?num1=15&num2=3 HTTP/1.1" 200 41
0:0:0:0:0:0:0:1 - - [22/Nov/2022:14:39:30 +0530] "GET /DemoApp/add?num1=2&num2=10 HTTP/1.1" 200 41
0:0:0:0:0:0:0:1 - - [22/Nov/2022:14:39:45 +0530] "GET /DemoApp/add?num1=2&num2=10 HTTP/1.1" 200 41
127.0.0.1 - - [22/Nov/2022:14:39:45 +0530] "GET / HTTP/1.1" 404 751
0:0:0:0:0:0:0:1 - - [22/Nov/2022:14:39:47 +0530] "GET /DemoApp/index.html HTTP/1.1" 200 451
0:0:0:0:0:0:0:1 - - [22/Nov/2022:14:39:51 +0530] "GET /DemoApp/add.jsp?num1=15&num2=3 HTTP/1.1" 200 159
127.0.0.1 - - [22/Nov/2022:16:18:24 +0530] "GET / HTTP/1.1" 404 751
0:0:0:0:0:0:0:1 - - [22/Nov/2022:16:18:27 +0530] "GET /DemoApp/add.jsp HTTP/1.1" 500 2449
0:0:0:0:0:0:0:1 - - [22/Nov/2022:16:18:54 +0530] "GET /DemoApp/index.html HTTP/1.1" 304 -
0:0:0:0:0:0:0:1 - - [22/Nov/2022:16:18:59 +0530] "GET /DemoApp/add.jsp?num1=2&num2=10 HTTP/1.1" 200 312
127.0.0.1 - - [22/Nov/2022:16:22:47 +0530] "GET / HTTP/1.1" 404 751
0:0:0:0:0:0:0:1 - - [22/Nov/2022:16:22:48 +0530] "GET /DemoApp/index.html HTTP/1.1" 304 -
0:0:0:0:0:0:0:1 - - [22/Nov/2022:16:22:52 +0530] "GET /DemoApp/add.jsp?num1=15&num2=3 HTTP/1.1" 200 408
127.0.0.1 - - [22/Nov/2022:16:23:32 +0530] "GET / HTTP/1.1" 404 751
0:0:0:0:0:0:0:1 - - [22/Nov/2022:16:23:32 +0530] "GET /DemoApp/index.html HTTP/1.1" 304 -
0:0:0:0:0:0:0:1 - - [22/Nov/2022:16:23:36 +0530] "GET /DemoApp/add.jsp?num1=2&num2=3 HTTP/1.1" 200 409
127.0.0.1 - - [22/Nov/2022:16:23:49 +0530] "GET / HTTP/1.1" 404 751
0:0:0:0:0:0:0:1 - - [22/Nov/2022:16:23:50 +0530] "GET /DemoApp/index.html HTTP/1.1" 304 -
0:0:0:0:0:0:0:1 - - [22/Nov/2022:16:23:55 +0530] "GET /DemoApp/add.jsp?num1=2&num2=10 HTTP/1.1" 200 411
127.0.0.1 - - [22/Nov/2022:16:24:43 +0530] "GET / HTTP/1.1" 404 751
0:0:0:0:0:0:0:1 - - [22/Nov/2022:16:24:45 +0530] "GET /DemoApp/index.html HTTP/1.1" 304 -
0:0:0:0:0:0:0:1 - - [22/Nov/2022:16:24:49 +0530] "GET /DemoApp/add.jsp?num1=15&num2=3 HTTP/1.1" 200 416
127.0.0.1 - - [22/Nov/2022:16:33:19 +0530] "GET / HTTP/1.1" 404 751
0:0:0:0:0:0:0:1 - - [22/Nov/2022:16:33:22 +0530] "GET /DemoApp/index.html HTTP/1.1" 304 -
0:0:0:0:0:0:0:1 - - [22/Nov/2022:16:33:26 +0530] "GET /DemoApp/add.jsp?num1=15&num2=3 HTTP/1.1" 200 586
0:0:0:0:0:0:0:1 - - [22/Nov/2022:16:33:41 +0530] "GET /DemoApp/add.jsp?num1=15&num2=3 HTTP/1.1" 200 594
0:0:0:0:0:0:0:1 - - [22/Nov/2022:16:46:27 +0530] "GET /DemoApp/home.jsp HTTP/1.1" 200 154
0:0:0:0:0:0:0:1 - - [22/Nov/2022:16:52:34 +0530] "GET /DemoApp/home.jsp HTTP/1.1" 200 193
0:0:0:0:0:0:0:1 - - [22/Nov/2022:16:52:36 +0530] "GET /DemoApp/home.jsp HTTP/1.1" 200 193
0:0:0:0:0:0:0:1 - - [22/Nov/2022:16:54:51 +0530] "GET /DemoApp/home.jsp HTTP/1.1" 200 207
0:0:0:0:0:0:0:1 - - [22/Nov/2022:16:54:52 +0530] "GET /DemoApp/home.jsp HTTP/1.1" 200 207
0:0:0:0:0:0:0:1 - - [22/Nov/2022:16:54:57 +0530] "GET /DemoApp/home.jsp HTTP/1.1" 200 207
127.0.0.1 - - [22/Nov/2022:16:54:58 +0530] "GET / HTTP/1.1" 404 751
0:0:0:0:0:0:0:1 - - [22/Nov/2022:16:55:00 +0530] "GET /DemoApp/home.jsp HTTP/1.1" 200 207
